{
    "downstream_output": {
        "content": [
            "gs1_duplicate_reads.tsv.gz:md5,1fec7b7960c4127f820426219d13466b",
            "gs1_duplicate_stats.tsv.gz:md5,48f655dffa173d1c8b23572ab2039e34",
            "gs1_clade_counts.tsv.gz:md5,e58c1489df2a1dc5df903c916c5c9ee7",
            "gs1_validation_hits.tsv.gz:md5,a88e96cd7c3f7215ac76a9737623b028"
        ],
        "meta": {
            "nf-test": "0.9.2",
            "nextflow": "25.04.6"
        },
        "timestamp": "2025-08-06T10:41:58.006912226"
    }
}